// Jest Snapshot v1, https://goo.gl/fbAQLP

exports[`SignupPageComponent should compile 1`] = `
<app-signup-page
  errorConfirm$={[Function Store]}
  errorSignup$={[Function Store]}
  resendConfirm$={[Function Store]}
  signupStatus$={[Function Store]}
  store={[Function Store]}
>
  <app-signup-form
    ng-reflect-signup-status="0"
  >
    <div
      class="header"
    >
      <button
        class="btn btn-lg btn-primary logo-button "
      >
        <a
          class="logo-font"
          href="http://crunch.ski"
        >
           Crunch.Ski
        </a>
      </button>
    </div>
    
    <div>
      <form
        class="form-signup ng-untouched ng-pristine ng-invalid"
        ng-reflect-form="[object Object]"
        novalidate=""
      >
        <img
          alt=""
          class="mb-4"
          height="64"
          src="../../assets/images/logo_only.png"
          width="64"
        />
        <h1
          class="h3 mb-3 font-weight-normal"
        >
          Register
        </h1>
        <div
          class="row"
        >
          <div
            class="col-md-6"
          >
            <label
              class="sr-only"
              for="inputFirstName"
            >
              First Name
            </label>
            <input
              autocomplete="given-name"
              class="form-control ng-untouched ng-pristine ng-invalid"
              formcontrolname="firstName"
              id="inputFirstName"
              ng-reflect-name="firstName"
              ng-reflect-required=""
              placeholder="First name"
              required=""
              type="text"
            />
          </div>
          <div
            class="col-md-6"
          >
            <label
              class="sr-only"
              for="inputLastName"
            >
              Last Name
            </label>
            <input
              autocomplete="family-name"
              class="form-control ng-untouched ng-pristine ng-invalid"
              formcontrolname="lastName"
              id="inputLastName"
              ng-reflect-name="lastName"
              ng-reflect-required=""
              placeholder="Last name"
              required=""
              type="text"
            />
          </div>
        </div>
        <div
          class="row"
        >
          <div
            class="col-md-6"
          >
            <label
              class="sr-only"
              for="inputEmail"
            >
              Email address
            </label>
            <input
              autocomplete="email"
              class="form-control ng-untouched ng-pristine ng-invalid"
              formcontrolname="username"
              id="inputEmail"
              ng-reflect-name="username"
              ng-reflect-required=""
              placeholder="Email address"
              required=""
              type="email"
            />
          </div>
          <div
            class="col-md-6"
          >
            <label
              class="sr-only"
              for="inputPassword"
            >
              Password
            </label>
            <input
              autocomplete="new-password"
              class="form-control ng-untouched ng-pristine ng-invalid"
              formcontrolname="password"
              id="inputPassword"
              ng-reflect-name="password"
              ng-reflect-required=""
              placeholder="Password"
              required=""
              type="password"
            />
          </div>
        </div>
        <div
          class="row"
        >
          <div
            class="col-md-6"
          >
            <label
              class="sr-only"
              for="inputPasswordConfirm"
            >
              Password Confirm
            </label>
            <input
              autocomplete="new-password"
              class="form-control ng-untouched ng-pristine ng-invalid"
              formcontrolname="passwordConfirm"
              id="inputPasswordConfirm"
              name="passwordConfirm"
              ng-reflect-name="passwordConfirm"
              ng-reflect-required=""
              placeholder="Password confirm"
              required=""
              type="password"
            />
          </div>
        </div>
        <button
          class="btn btn-lg btn-primary btn-block"
          disabled=""
          type="submit"
        >
          Sign up
        </button>
        <br />
        
        
        
        
        
        
        
        
        
        <hr />
         Already have an account ? 
        <a
          href="/signin"
          ng-reflect-router-link="/signin"
          routerlink="/signin"
        >
           Sign In
        </a>
        <p
          class="mt-5 mb-3 text-muted"
        >
          Â© 2020-2021
        </p>
      </form>
    </div>
    
    
  </app-signup-form>
</app-signup-page>
`;
