// Jest Snapshot v1, https://goo.gl/fbAQLP

exports[`D3BarNativeComponent should match snapshot 1`] = `
<app-mock-component
  layout={[Function Object]}
>
  <app-d3-bar-native
    ng-reflect-chart-options="[object Object]"
    ng-reflect-data="10,20,30,0,40"
    ng-reflect-height="50"
    ng-reflect-margin="15"
    ng-reflect-width="50"
    ng-reflect-x-labels="1,2,3,4,5"
    ng-reflect-y-label="YLabelTest"
  >
    <svg
      height="[height]"
      width="[width]"
    >
      <g
        transform="translate(15,15)"
      >
        <g
          class="axis--x"
          fill="none"
          font-family="sans-serif"
          font-size="10"
          style="text-anchor; start"
          text-anchor="middle"
          transform="translate(0,50)"
        >
          <path
            class="domain"
            d="M0,0H50"
            stroke="#000"
          />
        </g>
        <g
          class="bar-holder"
        >
          
          <rect
            class="bar"
            height="12.5"
            width="4"
            x="0"
            y="37.5"
          />
          <rect
            class="bar"
            height="25"
            width="4"
            x="10"
            y="25"
          />
          <rect
            class="bar"
            height="37.5"
            width="4"
            x="20"
            y="12.5"
          />
          <rect
            class="bar"
            height="0"
            width="4"
            x="30"
            y="50"
          />
          <rect
            class="bar"
            height="50"
            width="4"
            x="40"
            y="0"
          />
        </g>
        <g
          class="bar-text"
        >
          
          <text
            class="bar-text"
            height="12.5"
            style="display: inline;"
            width="4"
            x="0"
            y="37.5"
          >
             this.intervalPipe.transform(t) 
          </text>
          <text
            class="bar-text"
            height="25"
            style="display: inline;"
            width="4"
            x="10"
            y="25"
          >
             this.intervalPipe.transform(t) 
          </text>
          <text
            class="bar-text"
            height="37.5"
            style="display: inline;"
            width="4"
            x="20"
            y="12.5"
          >
             this.intervalPipe.transform(t) 
          </text>
          <text
            class="bar-text"
            height="0"
            style="display: inline;"
            width="4"
            x="30"
            y="50"
          >
             this.intervalPipe.transform(t) 
          </text>
          <text
            class="bar-text"
            height="50"
            style="display: inline;"
            width="4"
            x="40"
            y="0"
          >
             this.intervalPipe.transform(t) 
          </text>
        </g>
      </g>
    </svg>
  </app-d3-bar-native>
</app-mock-component>
`;
